<?xml version="1.0" encoding="ISO-8859-1" ?>
<link_info>
   <banner>TI ARM Linker PC v20.2.7.LTS</banner>
   <copyright>Copyright (c) 1996-2018 Texas Instruments Incorporated</copyright>
   <link_time>0x66ca19b3</link_time>
   <link_errors>0x0</link_errors>
   <output_file>AUTOSAR_Project.out</output_file>
   <entry_point>
      <name>_c_int00_noargs</name>
      <address>0x1de5</address>
   </entry_point>
   <input_file_list>
      <input_file id="fl-2">
         <path>.\</path>
         <kind>object</kind>
         <file>App.obj</file>
         <name>App.obj</name>
      </input_file>
      <input_file id="fl-3">
         <path>.\</path>
         <kind>object</kind>
         <file>Button.obj</file>
         <name>Button.obj</name>
      </input_file>
      <input_file id="fl-4">
         <path>.\</path>
         <kind>object</kind>
         <file>Det.obj</file>
         <name>Det.obj</name>
      </input_file>
      <input_file id="fl-5">
         <path>.\</path>
         <kind>object</kind>
         <file>Dio.obj</file>
         <name>Dio.obj</name>
      </input_file>
      <input_file id="fl-6">
         <path>.\</path>
         <kind>object</kind>
         <file>Dio_PBcfg.obj</file>
         <name>Dio_PBcfg.obj</name>
      </input_file>
      <input_file id="fl-7">
         <path>.\</path>
         <kind>object</kind>
         <file>Gpt.obj</file>
         <name>Gpt.obj</name>
      </input_file>
      <input_file id="fl-8">
         <path>.\</path>
         <kind>object</kind>
         <file>Gpt_Irq.obj</file>
         <name>Gpt_Irq.obj</name>
      </input_file>
      <input_file id="fl-9">
         <path>.\</path>
         <kind>object</kind>
         <file>Gpt_PBcfg.obj</file>
         <name>Gpt_PBcfg.obj</name>
      </input_file>
      <input_file id="fl-a">
         <path>.\</path>
         <kind>object</kind>
         <file>Irq.obj</file>
         <name>Irq.obj</name>
      </input_file>
      <input_file id="fl-b">
         <path>.\</path>
         <kind>object</kind>
         <file>Led.obj</file>
         <name>Led.obj</name>
      </input_file>
      <input_file id="fl-c">
         <path>.\</path>
         <kind>object</kind>
         <file>Mcu.obj</file>
         <name>Mcu.obj</name>
      </input_file>
      <input_file id="fl-d">
         <path>.\</path>
         <kind>object</kind>
         <file>Os.obj</file>
         <name>Os.obj</name>
      </input_file>
      <input_file id="fl-e">
         <path>.\</path>
         <kind>object</kind>
         <file>Port.obj</file>
         <name>Port.obj</name>
      </input_file>
      <input_file id="fl-f">
         <path>.\</path>
         <kind>object</kind>
         <file>Port_PBcfg.obj</file>
         <name>Port_PBcfg.obj</name>
      </input_file>
      <input_file id="fl-10">
         <path>.\</path>
         <kind>object</kind>
         <file>main.obj</file>
         <name>main.obj</name>
      </input_file>
      <input_file id="fl-11">
         <path>.\</path>
         <kind>object</kind>
         <file>tm4c123gh6pm_startup_ccs.obj</file>
         <name>tm4c123gh6pm_startup_ccs.obj</name>
      </input_file>
      <input_file id="fl-15">
         <kind>object</kind>
         <file>&lt;internal&gt;</file>
         <name>&lt;internal&gt;</name>
      </input_file>
      <input_file id="fl-cb">
         <path>C:\ti\ccs1271\ccs\tools\compiler\ti-cgt-arm_20.2.7.LTS\lib\</path>
         <kind>archive</kind>
         <file>rtsv7M4_T_le_v4SPD16_eabi.lib</file>
         <name>copy_zero_init.c.obj</name>
      </input_file>
      <input_file id="fl-cc">
         <path>C:\ti\ccs1271\ccs\tools\compiler\ti-cgt-arm_20.2.7.LTS\lib\</path>
         <kind>archive</kind>
         <file>rtsv7M4_T_le_v4SPD16_eabi.lib</file>
         <name>copy_decompress_none.c.obj</name>
      </input_file>
      <input_file id="fl-cd">
         <path>C:\ti\ccs1271\ccs\tools\compiler\ti-cgt-arm_20.2.7.LTS\lib\</path>
         <kind>archive</kind>
         <file>rtsv7M4_T_le_v4SPD16_eabi.lib</file>
         <name>copy_decompress_lzss.c.obj</name>
      </input_file>
      <input_file id="fl-ce">
         <path>C:\ti\ccs1271\ccs\tools\compiler\ti-cgt-arm_20.2.7.LTS\lib\</path>
         <kind>archive</kind>
         <file>rtsv7M4_T_le_v4SPD16_eabi.lib</file>
         <name>boot_cortex_m.c.obj</name>
      </input_file>
      <input_file id="fl-cf">
         <path>C:\ti\ccs1271\ccs\tools\compiler\ti-cgt-arm_20.2.7.LTS\lib\</path>
         <kind>archive</kind>
         <file>rtsv7M4_T_le_v4SPD16_eabi.lib</file>
         <name>memcpy_t2.asm.obj</name>
      </input_file>
      <input_file id="fl-d0">
         <path>C:\ti\ccs1271\ccs\tools\compiler\ti-cgt-arm_20.2.7.LTS\lib\</path>
         <kind>archive</kind>
         <file>rtsv7M4_T_le_v4SPD16_eabi.lib</file>
         <name>memset_t2.asm.obj</name>
      </input_file>
      <input_file id="fl-d1">
         <path>C:\ti\ccs1271\ccs\tools\compiler\ti-cgt-arm_20.2.7.LTS\lib\</path>
         <kind>archive</kind>
         <file>rtsv7M4_T_le_v4SPD16_eabi.lib</file>
         <name>autoinit.c.obj</name>
      </input_file>
      <input_file id="fl-d2">
         <path>C:\ti\ccs1271\ccs\tools\compiler\ti-cgt-arm_20.2.7.LTS\lib\</path>
         <kind>archive</kind>
         <file>rtsv7M4_T_le_v4SPD16_eabi.lib</file>
         <name>pre_init.c.obj</name>
      </input_file>
      <input_file id="fl-d3">
         <path>C:\ti\ccs1271\ccs\tools\compiler\ti-cgt-arm_20.2.7.LTS\lib\</path>
         <kind>archive</kind>
         <file>rtsv7M4_T_le_v4SPD16_eabi.lib</file>
         <name>cpy_tbl.c.obj</name>
      </input_file>
      <input_file id="fl-d4">
         <path>C:\ti\ccs1271\ccs\tools\compiler\ti-cgt-arm_20.2.7.LTS\lib\</path>
         <kind>archive</kind>
         <file>rtsv7M4_T_le_v4SPD16_eabi.lib</file>
         <name>exit.c.obj</name>
      </input_file>
      <input_file id="fl-d5">
         <path>C:\ti\ccs1271\ccs\tools\compiler\ti-cgt-arm_20.2.7.LTS\lib\</path>
         <kind>archive</kind>
         <file>rtsv7M4_T_le_v4SPD16_eabi.lib</file>
         <name>_lock.c.obj</name>
      </input_file>
      <input_file id="fl-d6">
         <path>C:\ti\ccs1271\ccs\tools\compiler\ti-cgt-arm_20.2.7.LTS\lib\</path>
         <kind>archive</kind>
         <file>rtsv7M4_T_le_v4SPD16_eabi.lib</file>
         <name>args_main.c.obj</name>
      </input_file>
   </input_file_list>
   <object_component_list>
      <object_component id="oc-12">
         <name>.intvecs</name>
         <load_address>0x0</load_address>
         <run_address>0x0</run_address>
         <size>0x26c</size>
         <input_file_ref idref="fl-11"/>
      </object_component>
      <object_component id="oc-171">
         <name>.text</name>
         <load_address>0x26c</load_address>
         <run_address>0x26c</run_address>
         <size>0xb14</size>
         <input_file_ref idref="fl-e"/>
      </object_component>
      <object_component id="oc-135">
         <name>.text</name>
         <load_address>0xd80</load_address>
         <run_address>0xd80</run_address>
         <size>0x62c</size>
         <input_file_ref idref="fl-7"/>
      </object_component>
      <object_component id="oc-177">
         <name>.text</name>
         <load_address>0x13ac</load_address>
         <run_address>0x13ac</run_address>
         <size>0x480</size>
         <input_file_ref idref="fl-5"/>
      </object_component>
      <object_component id="oc-13b">
         <name>.text</name>
         <load_address>0x182c</load_address>
         <run_address>0x182c</run_address>
         <size>0x270</size>
         <input_file_ref idref="fl-a"/>
      </object_component>
      <object_component id="oc-d9">
         <name>.text</name>
         <load_address>0x1a9c</load_address>
         <run_address>0x1a9c</run_address>
         <size>0xa8</size>
         <input_file_ref idref="fl-d"/>
      </object_component>
      <object_component id="oc-41">
         <name>.text</name>
         <load_address>0x1b44</load_address>
         <run_address>0x1b44</run_address>
         <size>0x9c</size>
         <input_file_ref idref="fl-cf"/>
      </object_component>
      <object_component id="oc-17d">
         <name>.text</name>
         <load_address>0x1be0</load_address>
         <run_address>0x1be0</run_address>
         <size>0x7c</size>
         <input_file_ref idref="fl-3"/>
      </object_component>
      <object_component id="oc-15">
         <name>.text:decompress:lzss:__TI_decompress_lzss</name>
         <load_address>0x1c5c</load_address>
         <run_address>0x1c5c</run_address>
         <size>0x68</size>
         <input_file_ref idref="fl-cd"/>
      </object_component>
      <object_component id="oc-12f">
         <name>.text</name>
         <load_address>0x1cc4</load_address>
         <run_address>0x1cc4</run_address>
         <size>0x64</size>
         <input_file_ref idref="fl-2"/>
      </object_component>
      <object_component id="oc-ec">
         <name>.text:__TI_auto_init_nobinit_nopinit:__TI_auto_init_nobinit_nopinit</name>
         <load_address>0x1d28</load_address>
         <run_address>0x1d28</run_address>
         <size>0x44</size>
         <input_file_ref idref="fl-d1"/>
      </object_component>
      <object_component id="oc-183">
         <name>.text</name>
         <load_address>0x1d6c</load_address>
         <run_address>0x1d6c</run_address>
         <size>0x3e</size>
         <input_file_ref idref="fl-b"/>
      </object_component>
      <object_component id="oc-2d">
         <name>.text</name>
         <load_address>0x1dac</load_address>
         <run_address>0x1dac</run_address>
         <size>0x38</size>
         <input_file_ref idref="fl-8"/>
      </object_component>
      <object_component id="oc-5f">
         <name>.text:_c_int00_noargs:_c_int00_noargs</name>
         <load_address>0x1de4</load_address>
         <run_address>0x1de4</run_address>
         <size>0x34</size>
         <input_file_ref idref="fl-ce"/>
      </object_component>
      <object_component id="oc-16b">
         <name>.text</name>
         <load_address>0x1e18</load_address>
         <run_address>0x1e18</run_address>
         <size>0x20</size>
         <input_file_ref idref="fl-c"/>
      </object_component>
      <object_component id="oc-4d">
         <name>.text:decompress:ZI:__TI_zero_init_nomemset:__TI_zero_init_nomemset</name>
         <load_address>0x1e38</load_address>
         <run_address>0x1e38</run_address>
         <size>0x1c</size>
         <input_file_ref idref="fl-cb"/>
      </object_component>
      <object_component id="oc-194">
         <name>.text</name>
         <load_address>0x1e54</load_address>
         <run_address>0x1e54</run_address>
         <size>0x16</size>
         <input_file_ref idref="fl-4"/>
      </object_component>
      <object_component id="oc-1b">
         <name>.text:decompress:none:__TI_decompress_none</name>
         <load_address>0x1e6a</load_address>
         <run_address>0x1e6a</run_address>
         <size>0xe</size>
         <input_file_ref idref="fl-cc"/>
      </object_component>
      <object_component id="oc-27">
         <name>.text</name>
         <load_address>0x1e78</load_address>
         <run_address>0x1e78</run_address>
         <size>0xc</size>
         <input_file_ref idref="fl-11"/>
      </object_component>
      <object_component id="oc-a8">
         <name>.text</name>
         <load_address>0x1e84</load_address>
         <run_address>0x1e84</run_address>
         <size>0xa</size>
         <input_file_ref idref="fl-10"/>
      </object_component>
      <object_component id="oc-a2">
         <name>.text:_system_pre_init</name>
         <load_address>0x1e8e</load_address>
         <run_address>0x1e8e</run_address>
         <size>0x4</size>
         <input_file_ref idref="fl-d2"/>
      </object_component>
      <object_component id="oc-e0">
         <name>.text:abort:abort</name>
         <load_address>0x1e92</load_address>
         <run_address>0x1e92</run_address>
         <size>0x4</size>
         <input_file_ref idref="fl-d4"/>
      </object_component>
      <object_component id="oc-189">
         <name>.const:Port_Configuration</name>
         <load_address>0x1e98</load_address>
         <run_address>0x1e98</run_address>
         <size>0x138</size>
         <input_file_ref idref="fl-f"/>
      </object_component>
      <object_component id="oc-18f">
         <name>.const:Gpt_Configuration</name>
         <load_address>0x1fd0</load_address>
         <run_address>0x1fd0</run_address>
         <size>0x18</size>
         <input_file_ref idref="fl-9"/>
      </object_component>
      <object_component id="oc-18c">
         <name>.const:Dio_Configuration</name>
         <load_address>0x1fe8</load_address>
         <run_address>0x1fe8</run_address>
         <size>0x4</size>
         <input_file_ref idref="fl-6"/>
      </object_component>
      <object_component id="oc-243">
         <name>.cinit..data.load</name>
         <load_address>0x1ff0</load_address>
         <run_address>0x1ff0</run_address>
         <size>0x13</size>
      </object_component>
      <object_component id="oc-241">
         <name>__TI_handler_table</name>
         <load_address>0x2004</load_address>
         <run_address>0x2004</run_address>
         <size>0xc</size>
      </object_component>
      <object_component id="oc-244">
         <name>.cinit..bss.load</name>
         <load_address>0x2010</load_address>
         <run_address>0x2010</run_address>
         <size>0x8</size>
      </object_component>
      <object_component id="oc-242">
         <name>__TI_cinit_table</name>
         <load_address>0x2018</load_address>
         <run_address>0x2018</run_address>
         <size>0x10</size>
      </object_component>
      <object_component id="oc-192">
         <name>.data</name>
         <load_address>0x2000020a</load_address>
         <run_address>0x2000020a</run_address>
         <size>0x2</size>
         <input_file_ref idref="fl-2"/>
      </object_component>
      <object_component id="oc-1e8">
         <name>.data</name>
         <load_address>0x20000211</load_address>
         <run_address>0x20000211</run_address>
         <size>0x3</size>
         <input_file_ref idref="fl-3"/>
      </object_component>
      <object_component id="oc-1de">
         <name>.data</name>
         <load_address>0x2000020c</load_address>
         <run_address>0x2000020c</run_address>
         <size>0x5</size>
         <input_file_ref idref="fl-5"/>
      </object_component>
      <object_component id="oc-77">
         <name>.data</name>
         <load_address>0x20000200</load_address>
         <run_address>0x20000200</run_address>
         <size>0xa</size>
         <input_file_ref idref="fl-7"/>
      </object_component>
      <object_component id="oc-74">
         <name>.data:Gpt_NotificationArr</name>
         <load_address>0x2000021c</load_address>
         <run_address>0x2000021c</run_address>
         <size>0x4</size>
         <input_file_ref idref="fl-7"/>
      </object_component>
      <object_component id="oc-141">
         <name>.data</name>
         <load_address>0x20000219</load_address>
         <run_address>0x20000219</run_address>
         <size>0x2</size>
         <input_file_ref idref="fl-d"/>
      </object_component>
      <object_component id="oc-1d4">
         <name>.data</name>
         <load_address>0x20000214</load_address>
         <run_address>0x20000214</run_address>
         <size>0x5</size>
         <input_file_ref idref="fl-e"/>
      </object_component>
      <object_component id="oc-19a">
         <name>.bss:Gpt_ChannelsState</name>
         <uninitialized>true</uninitialized>
         <run_address>0x20000220</run_address>
         <size>0x4</size>
         <input_file_ref idref="fl-7"/>
      </object_component>
      <object_component id="oc-24">
         <name>.stack</name>
         <uninitialized>true</uninitialized>
         <run_address>0x20000000</run_address>
         <size>0x4</size>
         <input_file_ref idref="fl-ce"/>
      </object_component>
      <object_component id="oc-246">
         <name>.stack</name>
         <uninitialized>true</uninitialized>
         <run_address>0x20000000</run_address>
         <size>0x0</size>
      </object_component>
      <object_component id="oc-16a">
         <name>.debug_info</name>
         <load_address>0x0</load_address>
         <run_address>0x0</run_address>
         <size>0x475</size>
         <input_file_ref idref="fl-2"/>
      </object_component>
      <object_component id="oc-130">
         <name>.debug_info</name>
         <load_address>0x475</load_address>
         <run_address>0x475</run_address>
         <size>0x2ee</size>
         <input_file_ref idref="fl-2"/>
      </object_component>
      <object_component id="oc-1d9">
         <name>.debug_info</name>
         <load_address>0x763</load_address>
         <run_address>0x763</run_address>
         <size>0x6f</size>
         <input_file_ref idref="fl-2"/>
      </object_component>
      <object_component id="oc-1ce">
         <name>.debug_info</name>
         <load_address>0x7d2</load_address>
         <run_address>0x7d2</run_address>
         <size>0x236</size>
         <input_file_ref idref="fl-2"/>
      </object_component>
      <object_component id="oc-125">
         <name>.debug_info</name>
         <load_address>0xa08</load_address>
         <run_address>0xa08</run_address>
         <size>0x166</size>
         <input_file_ref idref="fl-2"/>
      </object_component>
      <object_component id="oc-165">
         <name>.debug_info</name>
         <load_address>0xb6e</load_address>
         <run_address>0xb6e</run_address>
         <size>0x62</size>
         <input_file_ref idref="fl-2"/>
      </object_component>
      <object_component id="oc-1c9">
         <name>.debug_info</name>
         <load_address>0xbd0</load_address>
         <run_address>0xbd0</run_address>
         <size>0x8d</size>
         <input_file_ref idref="fl-2"/>
      </object_component>
      <object_component id="oc-120">
         <name>.debug_info</name>
         <load_address>0xc5d</load_address>
         <run_address>0xc5d</run_address>
         <size>0xa7</size>
         <input_file_ref idref="fl-2"/>
      </object_component>
      <object_component id="oc-1e3">
         <name>.debug_info</name>
         <load_address>0xd04</load_address>
         <run_address>0xd04</run_address>
         <size>0xa6</size>
         <input_file_ref idref="fl-2"/>
      </object_component>
      <object_component id="oc-3c">
         <name>.debug_info</name>
         <load_address>0xdaa</load_address>
         <run_address>0xdaa</run_address>
         <size>0x84</size>
         <input_file_ref idref="fl-2"/>
      </object_component>
      <object_component id="oc-bf">
         <name>.debug_info</name>
         <load_address>0xe2e</load_address>
         <run_address>0xe2e</run_address>
         <size>0xae</size>
         <input_file_ref idref="fl-2"/>
      </object_component>
      <object_component id="oc-1e9">
         <name>.debug_info</name>
         <load_address>0xedc</load_address>
         <run_address>0xedc</run_address>
         <size>0x103</size>
         <input_file_ref idref="fl-3"/>
      </object_component>
      <object_component id="oc-17e">
         <name>.debug_info</name>
         <load_address>0xfdf</load_address>
         <run_address>0xfdf</run_address>
         <size>0x21b</size>
         <input_file_ref idref="fl-3"/>
      </object_component>
      <object_component id="oc-197">
         <name>.debug_info</name>
         <load_address>0x11fa</load_address>
         <run_address>0x11fa</run_address>
         <size>0x20d</size>
         <input_file_ref idref="fl-4"/>
      </object_component>
      <object_component id="oc-1e2">
         <name>.debug_info</name>
         <load_address>0x1407</load_address>
         <run_address>0x1407</run_address>
         <size>0x2eb</size>
         <input_file_ref idref="fl-5"/>
      </object_component>
      <object_component id="oc-1df">
         <name>.debug_info</name>
         <load_address>0x16f2</load_address>
         <run_address>0x16f2</run_address>
         <size>0x128</size>
         <input_file_ref idref="fl-5"/>
      </object_component>
      <object_component id="oc-178">
         <name>.debug_info</name>
         <load_address>0x181a</load_address>
         <run_address>0x181a</run_address>
         <size>0x715</size>
         <input_file_ref idref="fl-5"/>
      </object_component>
      <object_component id="oc-1f2">
         <name>.debug_info</name>
         <load_address>0x1f2f</load_address>
         <run_address>0x1f2f</run_address>
         <size>0xed</size>
         <input_file_ref idref="fl-6"/>
      </object_component>
      <object_component id="oc-18d">
         <name>.debug_info</name>
         <load_address>0x201c</load_address>
         <run_address>0x201c</run_address>
         <size>0x10d</size>
         <input_file_ref idref="fl-6"/>
      </object_component>
      <object_component id="oc-bc">
         <name>.debug_info</name>
         <load_address>0x2129</load_address>
         <run_address>0x2129</run_address>
         <size>0x30d</size>
         <input_file_ref idref="fl-7"/>
      </object_component>
      <object_component id="oc-78">
         <name>.debug_info</name>
         <load_address>0x2436</load_address>
         <run_address>0x2436</run_address>
         <size>0x18c</size>
         <input_file_ref idref="fl-7"/>
      </object_component>
      <object_component id="oc-19b">
         <name>.debug_info</name>
         <load_address>0x25c2</load_address>
         <run_address>0x25c2</run_address>
         <size>0x106</size>
         <input_file_ref idref="fl-7"/>
      </object_component>
      <object_component id="oc-75">
         <name>.debug_info</name>
         <load_address>0x26c8</load_address>
         <run_address>0x26c8</run_address>
         <size>0x10b</size>
         <input_file_ref idref="fl-7"/>
      </object_component>
      <object_component id="oc-136">
         <name>.debug_info</name>
         <load_address>0x27d3</load_address>
         <run_address>0x27d3</run_address>
         <size>0x871</size>
         <input_file_ref idref="fl-7"/>
      </object_component>
      <object_component id="oc-12a">
         <name>.debug_info</name>
         <load_address>0x3044</load_address>
         <run_address>0x3044</run_address>
         <size>0x4a</size>
         <input_file_ref idref="fl-7"/>
      </object_component>
      <object_component id="oc-30">
         <name>.debug_info</name>
         <load_address>0x308e</load_address>
         <run_address>0x308e</run_address>
         <size>0x13e</size>
         <input_file_ref idref="fl-8"/>
      </object_component>
      <object_component id="oc-1f5">
         <name>.debug_info</name>
         <load_address>0x31cc</load_address>
         <run_address>0x31cc</run_address>
         <size>0x124</size>
         <input_file_ref idref="fl-9"/>
      </object_component>
      <object_component id="oc-190">
         <name>.debug_info</name>
         <load_address>0x32f0</load_address>
         <run_address>0x32f0</run_address>
         <size>0x10d</size>
         <input_file_ref idref="fl-9"/>
      </object_component>
      <object_component id="oc-13e">
         <name>.debug_info</name>
         <load_address>0x33fd</load_address>
         <run_address>0x33fd</run_address>
         <size>0x576</size>
         <input_file_ref idref="fl-a"/>
      </object_component>
      <object_component id="oc-19f">
         <name>.debug_info</name>
         <load_address>0x3973</load_address>
         <run_address>0x3973</run_address>
         <size>0xb7</size>
         <input_file_ref idref="fl-a"/>
      </object_component>
      <object_component id="oc-186">
         <name>.debug_info</name>
         <load_address>0x3a2a</load_address>
         <run_address>0x3a2a</run_address>
         <size>0x295</size>
         <input_file_ref idref="fl-b"/>
      </object_component>
      <object_component id="oc-16c">
         <name>.debug_info</name>
         <load_address>0x3cbf</load_address>
         <run_address>0x3cbf</run_address>
         <size>0x13d</size>
         <input_file_ref idref="fl-c"/>
      </object_component>
      <object_component id="oc-142">
         <name>.debug_info</name>
         <load_address>0x3dfc</load_address>
         <run_address>0x3dfc</run_address>
         <size>0x13d</size>
         <input_file_ref idref="fl-d"/>
      </object_component>
      <object_component id="oc-da">
         <name>.debug_info</name>
         <load_address>0x3f39</load_address>
         <run_address>0x3f39</run_address>
         <size>0x284</size>
         <input_file_ref idref="fl-d"/>
      </object_component>
      <object_component id="oc-1d8">
         <name>.debug_info</name>
         <load_address>0x41bd</load_address>
         <run_address>0x41bd</run_address>
         <size>0x2e8</size>
         <input_file_ref idref="fl-e"/>
      </object_component>
      <object_component id="oc-1d5">
         <name>.debug_info</name>
         <load_address>0x44a5</load_address>
         <run_address>0x44a5</run_address>
         <size>0x11d</size>
         <input_file_ref idref="fl-e"/>
      </object_component>
      <object_component id="oc-172">
         <name>.debug_info</name>
         <load_address>0x45c2</load_address>
         <run_address>0x45c2</run_address>
         <size>0x556</size>
         <input_file_ref idref="fl-e"/>
      </object_component>
      <object_component id="oc-1ef">
         <name>.debug_info</name>
         <load_address>0x4b18</load_address>
         <run_address>0x4b18</run_address>
         <size>0xef</size>
         <input_file_ref idref="fl-f"/>
      </object_component>
      <object_component id="oc-18a">
         <name>.debug_info</name>
         <load_address>0x4c07</load_address>
         <run_address>0x4c07</run_address>
         <size>0x110</size>
         <input_file_ref idref="fl-f"/>
      </object_component>
      <object_component id="oc-a9">
         <name>.debug_info</name>
         <load_address>0x4d17</load_address>
         <run_address>0x4d17</run_address>
         <size>0x14b</size>
         <input_file_ref idref="fl-10"/>
      </object_component>
      <object_component id="oc-35">
         <name>.debug_info</name>
         <load_address>0x4e62</load_address>
         <run_address>0x4e62</run_address>
         <size>0x319</size>
         <input_file_ref idref="fl-11"/>
      </object_component>
      <object_component id="oc-13">
         <name>.debug_info</name>
         <load_address>0x517b</load_address>
         <run_address>0x517b</run_address>
         <size>0x132</size>
         <input_file_ref idref="fl-11"/>
      </object_component>
      <object_component id="oc-28">
         <name>.debug_info</name>
         <load_address>0x52ad</load_address>
         <run_address>0x52ad</run_address>
         <size>0x2ae</size>
         <input_file_ref idref="fl-11"/>
      </object_component>
      <object_component id="oc-7d">
         <name>.debug_info</name>
         <load_address>0x555b</load_address>
         <run_address>0x555b</run_address>
         <size>0x26b</size>
         <input_file_ref idref="fl-11"/>
      </object_component>
      <object_component id="oc-c4">
         <name>.debug_info</name>
         <load_address>0x57c6</load_address>
         <run_address>0x57c6</run_address>
         <size>0x2a4</size>
         <input_file_ref idref="fl-11"/>
      </object_component>
      <object_component id="oc-82">
         <name>.debug_info</name>
         <load_address>0x5a6a</load_address>
         <run_address>0x5a6a</run_address>
         <size>0xbb</size>
         <input_file_ref idref="fl-11"/>
      </object_component>
      <object_component id="oc-9b">
         <name>.debug_info</name>
         <load_address>0x5b25</load_address>
         <run_address>0x5b25</run_address>
         <size>0x2d4</size>
         <input_file_ref idref="fl-cb"/>
      </object_component>
      <object_component id="oc-4e">
         <name>.debug_info</name>
         <load_address>0x5df9</load_address>
         <run_address>0x5df9</run_address>
         <size>0x1d2</size>
         <input_file_ref idref="fl-cb"/>
      </object_component>
      <object_component id="oc-96">
         <name>.debug_info</name>
         <load_address>0x5fcb</load_address>
         <run_address>0x5fcb</run_address>
         <size>0x46</size>
         <input_file_ref idref="fl-cb"/>
      </object_component>
      <object_component id="oc-d0">
         <name>.debug_info</name>
         <load_address>0x6011</load_address>
         <run_address>0x6011</run_address>
         <size>0x2c</size>
         <input_file_ref idref="fl-cb"/>
      </object_component>
      <object_component id="oc-4c">
         <name>.debug_info</name>
         <load_address>0x603d</load_address>
         <run_address>0x603d</run_address>
         <size>0x2a8</size>
         <input_file_ref idref="fl-cc"/>
      </object_component>
      <object_component id="oc-1c">
         <name>.debug_info</name>
         <load_address>0x62e5</load_address>
         <run_address>0x62e5</run_address>
         <size>0x1ea</size>
         <input_file_ref idref="fl-cc"/>
      </object_component>
      <object_component id="oc-47">
         <name>.debug_info</name>
         <load_address>0x64cf</load_address>
         <run_address>0x64cf</run_address>
         <size>0x46</size>
         <input_file_ref idref="fl-cc"/>
      </object_component>
      <object_component id="oc-8e">
         <name>.debug_info</name>
         <load_address>0x6515</load_address>
         <run_address>0x6515</run_address>
         <size>0x2c</size>
         <input_file_ref idref="fl-cc"/>
      </object_component>
      <object_component id="oc-8c">
         <name>.debug_info</name>
         <load_address>0x6541</load_address>
         <run_address>0x6541</run_address>
         <size>0x29e</size>
         <input_file_ref idref="fl-cd"/>
      </object_component>
      <object_component id="oc-18">
         <name>.debug_info</name>
         <load_address>0x67df</load_address>
         <run_address>0x67df</run_address>
         <size>0x250</size>
         <input_file_ref idref="fl-cd"/>
      </object_component>
      <object_component id="oc-37">
         <name>.debug_info</name>
         <load_address>0x6a2f</load_address>
         <run_address>0x6a2f</run_address>
         <size>0x60</size>
         <input_file_ref idref="fl-cd"/>
      </object_component>
      <object_component id="oc-c9">
         <name>.debug_info</name>
         <load_address>0x6a8f</load_address>
         <run_address>0x6a8f</run_address>
         <size>0x46</size>
         <input_file_ref idref="fl-cd"/>
      </object_component>
      <object_component id="oc-87">
         <name>.debug_info</name>
         <load_address>0x6ad5</load_address>
         <run_address>0x6ad5</run_address>
         <size>0x39</size>
         <input_file_ref idref="fl-cd"/>
      </object_component>
      <object_component id="oc-25">
         <name>.debug_info</name>
         <load_address>0x6b0e</load_address>
         <run_address>0x6b0e</run_address>
         <size>0x10b</size>
         <input_file_ref idref="fl-ce"/>
      </object_component>
      <object_component id="oc-62">
         <name>.debug_info</name>
         <load_address>0x6c19</load_address>
         <run_address>0x6c19</run_address>
         <size>0x1a9</size>
         <input_file_ref idref="fl-ce"/>
      </object_component>
      <object_component id="oc-43">
         <name>.debug_info</name>
         <load_address>0x6dc2</load_address>
         <run_address>0x6dc2</run_address>
         <size>0x119</size>
         <input_file_ref idref="fl-cf"/>
      </object_component>
      <object_component id="oc-150">
         <name>.debug_info</name>
         <load_address>0x6edb</load_address>
         <run_address>0x6edb</run_address>
         <size>0x4b3</size>
         <input_file_ref idref="fl-d1"/>
      </object_component>
      <object_component id="oc-ef">
         <name>.debug_info</name>
         <load_address>0x738e</load_address>
         <run_address>0x738e</run_address>
         <size>0x1a6</size>
         <input_file_ref idref="fl-d1"/>
      </object_component>
      <object_component id="oc-1b6">
         <name>.debug_info</name>
         <load_address>0x7534</load_address>
         <run_address>0x7534</run_address>
         <size>0x39</size>
         <input_file_ref idref="fl-d1"/>
      </object_component>
      <object_component id="oc-1fc">
         <name>.debug_info</name>
         <load_address>0x756d</load_address>
         <run_address>0x756d</run_address>
         <size>0x39</size>
         <input_file_ref idref="fl-d1"/>
      </object_component>
      <object_component id="oc-1bb">
         <name>.debug_info</name>
         <load_address>0x75a6</load_address>
         <run_address>0x75a6</run_address>
         <size>0x39</size>
         <input_file_ref idref="fl-d1"/>
      </object_component>
      <object_component id="oc-1c0">
         <name>.debug_info</name>
         <load_address>0x75df</load_address>
         <run_address>0x75df</run_address>
         <size>0xcd</size>
         <input_file_ref idref="fl-d1"/>
      </object_component>
      <object_component id="oc-a4">
         <name>.debug_info</name>
         <load_address>0x76ac</load_address>
         <run_address>0x76ac</run_address>
         <size>0x153</size>
         <input_file_ref idref="fl-d2"/>
      </object_component>
      <object_component id="oc-e2">
         <name>.debug_info</name>
         <load_address>0x77ff</load_address>
         <run_address>0x77ff</run_address>
         <size>0x122</size>
         <input_file_ref idref="fl-d4"/>
      </object_component>
      <object_component id="oc-247">
         <name>.debug_info</name>
         <load_address>0x7921</load_address>
         <run_address>0x7921</run_address>
         <size>0xc5</size>
      </object_component>
      <object_component id="oc-1c8">
         <name>.debug_line</name>
         <load_address>0x0</load_address>
         <run_address>0x0</run_address>
         <size>0xa3</size>
         <input_file_ref idref="fl-2"/>
      </object_component>
      <object_component id="oc-134">
         <name>.debug_line</name>
         <load_address>0xa3</load_address>
         <run_address>0xa3</run_address>
         <size>0x99</size>
         <input_file_ref idref="fl-2"/>
      </object_component>
      <object_component id="oc-1dc">
         <name>.debug_line</name>
         <load_address>0x13c</load_address>
         <run_address>0x13c</run_address>
         <size>0x33</size>
         <input_file_ref idref="fl-2"/>
      </object_component>
      <object_component id="oc-1d1">
         <name>.debug_line</name>
         <load_address>0x16f</load_address>
         <run_address>0x16f</run_address>
         <size>0x33</size>
         <input_file_ref idref="fl-2"/>
      </object_component>
      <object_component id="oc-128">
         <name>.debug_line</name>
         <load_address>0x1a2</load_address>
         <run_address>0x1a2</run_address>
         <size>0x32</size>
         <input_file_ref idref="fl-2"/>
      </object_component>
      <object_component id="oc-168">
         <name>.debug_line</name>
         <load_address>0x1d4</load_address>
         <run_address>0x1d4</run_address>
         <size>0x32</size>
         <input_file_ref idref="fl-2"/>
      </object_component>
      <object_component id="oc-1cc">
         <name>.debug_line</name>
         <load_address>0x206</load_address>
         <run_address>0x206</run_address>
         <size>0x32</size>
         <input_file_ref idref="fl-2"/>
      </object_component>
      <object_component id="oc-123">
         <name>.debug_line</name>
         <load_address>0x238</load_address>
         <run_address>0x238</run_address>
         <size>0x32</size>
         <input_file_ref idref="fl-2"/>
      </object_component>
      <object_component id="oc-1e6">
         <name>.debug_line</name>
         <load_address>0x26a</load_address>
         <run_address>0x26a</run_address>
         <size>0x32</size>
         <input_file_ref idref="fl-2"/>
      </object_component>
      <object_component id="oc-3f">
         <name>.debug_line</name>
         <load_address>0x29c</load_address>
         <run_address>0x29c</run_address>
         <size>0x20</size>
         <input_file_ref idref="fl-2"/>
      </object_component>
      <object_component id="oc-c2">
         <name>.debug_line</name>
         <load_address>0x2bc</load_address>
         <run_address>0x2bc</run_address>
         <size>0x37</size>
         <input_file_ref idref="fl-2"/>
      </object_component>
      <object_component id="oc-211">
         <name>.debug_line</name>
         <load_address>0x2f3</load_address>
         <run_address>0x2f3</run_address>
         <size>0x2f</size>
         <input_file_ref idref="fl-3"/>
      </object_component>
      <object_component id="oc-182">
         <name>.debug_line</name>
         <load_address>0x322</load_address>
         <run_address>0x322</run_address>
         <size>0x75</size>
         <input_file_ref idref="fl-3"/>
      </object_component>
      <object_component id="oc-199">
         <name>.debug_line</name>
         <load_address>0x397</load_address>
         <run_address>0x397</run_address>
         <size>0x3e</size>
         <input_file_ref idref="fl-4"/>
      </object_component>
      <object_component id="oc-20f">
         <name>.debug_line</name>
         <load_address>0x3d5</load_address>
         <run_address>0x3d5</run_address>
         <size>0x2c</size>
         <input_file_ref idref="fl-5"/>
      </object_component>
      <object_component id="oc-20d">
         <name>.debug_line</name>
         <load_address>0x401</load_address>
         <run_address>0x401</run_address>
         <size>0x2c</size>
         <input_file_ref idref="fl-5"/>
      </object_component>
      <object_component id="oc-17b">
         <name>.debug_line</name>
         <load_address>0x42d</load_address>
         <run_address>0x42d</run_address>
         <size>0x1e0</size>
         <input_file_ref idref="fl-5"/>
      </object_component>
      <object_component id="oc-215">
         <name>.debug_line</name>
         <load_address>0x60d</load_address>
         <run_address>0x60d</run_address>
         <size>0x20</size>
         <input_file_ref idref="fl-6"/>
      </object_component>
      <object_component id="oc-1f1">
         <name>.debug_line</name>
         <load_address>0x62d</load_address>
         <run_address>0x62d</run_address>
         <size>0x32</size>
         <input_file_ref idref="fl-6"/>
      </object_component>
      <object_component id="oc-11f">
         <name>.debug_line</name>
         <load_address>0x65f</load_address>
         <run_address>0x65f</run_address>
         <size>0x2c</size>
         <input_file_ref idref="fl-7"/>
      </object_component>
      <object_component id="oc-be">
         <name>.debug_line</name>
         <load_address>0x68b</load_address>
         <run_address>0x68b</run_address>
         <size>0x2c</size>
         <input_file_ref idref="fl-7"/>
      </object_component>
      <object_component id="oc-1f8">
         <name>.debug_line</name>
         <load_address>0x6b7</load_address>
         <run_address>0x6b7</run_address>
         <size>0x2c</size>
         <input_file_ref idref="fl-7"/>
      </object_component>
      <object_component id="oc-bb">
         <name>.debug_line</name>
         <load_address>0x6e3</load_address>
         <run_address>0x6e3</run_address>
         <size>0x2c</size>
         <input_file_ref idref="fl-7"/>
      </object_component>
      <object_component id="oc-13a">
         <name>.debug_line</name>
         <load_address>0x70f</load_address>
         <run_address>0x70f</run_address>
         <size>0x2c7</size>
         <input_file_ref idref="fl-7"/>
      </object_component>
      <object_component id="oc-12d">
         <name>.debug_line</name>
         <load_address>0x9d6</load_address>
         <run_address>0x9d6</run_address>
         <size>0x34</size>
         <input_file_ref idref="fl-7"/>
      </object_component>
      <object_component id="oc-2e">
         <name>.debug_line</name>
         <load_address>0xa0a</load_address>
         <run_address>0xa0a</run_address>
         <size>0x4a</size>
         <input_file_ref idref="fl-8"/>
      </object_component>
      <object_component id="oc-217">
         <name>.debug_line</name>
         <load_address>0xa54</load_address>
         <run_address>0xa54</run_address>
         <size>0x32</size>
         <input_file_ref idref="fl-9"/>
      </object_component>
      <object_component id="oc-1f4">
         <name>.debug_line</name>
         <load_address>0xa86</load_address>
         <run_address>0xa86</run_address>
         <size>0x32</size>
         <input_file_ref idref="fl-9"/>
      </object_component>
      <object_component id="oc-13d">
         <name>.debug_line</name>
         <load_address>0xab8</load_address>
         <run_address>0xab8</run_address>
         <size>0x11d</size>
         <input_file_ref idref="fl-a"/>
      </object_component>
      <object_component id="oc-1a2">
         <name>.debug_line</name>
         <load_address>0xbd5</load_address>
         <run_address>0xbd5</run_address>
         <size>0x2c</size>
         <input_file_ref idref="fl-a"/>
      </object_component>
      <object_component id="oc-188">
         <name>.debug_line</name>
         <load_address>0xc01</load_address>
         <run_address>0xc01</run_address>
         <size>0x8c</size>
         <input_file_ref idref="fl-b"/>
      </object_component>
      <object_component id="oc-16f">
         <name>.debug_line</name>
         <load_address>0xc8d</load_address>
         <run_address>0xc8d</run_address>
         <size>0x45</size>
         <input_file_ref idref="fl-c"/>
      </object_component>
      <object_component id="oc-1a5">
         <name>.debug_line</name>
         <load_address>0xcd2</load_address>
         <run_address>0xcd2</run_address>
         <size>0x2b</size>
         <input_file_ref idref="fl-d"/>
      </object_component>
      <object_component id="oc-de">
         <name>.debug_line</name>
         <load_address>0xcfd</load_address>
         <run_address>0xcfd</run_address>
         <size>0x96</size>
         <input_file_ref idref="fl-d"/>
      </object_component>
      <object_component id="oc-20b">
         <name>.debug_line</name>
         <load_address>0xd93</load_address>
         <run_address>0xd93</run_address>
         <size>0x2c</size>
         <input_file_ref idref="fl-e"/>
      </object_component>
      <object_component id="oc-209">
         <name>.debug_line</name>
         <load_address>0xdbf</load_address>
         <run_address>0xdbf</run_address>
         <size>0x2d</size>
         <input_file_ref idref="fl-e"/>
      </object_component>
      <object_component id="oc-175">
         <name>.debug_line</name>
         <load_address>0xdec</load_address>
         <run_address>0xdec</run_address>
         <size>0x2bb</size>
         <input_file_ref idref="fl-e"/>
      </object_component>
      <object_component id="oc-213">
         <name>.debug_line</name>
         <load_address>0x10a7</load_address>
         <run_address>0x10a7</run_address>
         <size>0x20</size>
         <input_file_ref idref="fl-f"/>
      </object_component>
      <object_component id="oc-1ee">
         <name>.debug_line</name>
         <load_address>0x10c7</load_address>
         <run_address>0x10c7</run_address>
         <size>0x33</size>
         <input_file_ref idref="fl-f"/>
      </object_component>
      <object_component id="oc-ac">
         <name>.debug_line</name>
         <load_address>0x10fa</load_address>
         <run_address>0x10fa</run_address>
         <size>0x42</size>
         <input_file_ref idref="fl-10"/>
      </object_component>
      <object_component id="oc-7c">
         <name>.debug_line</name>
         <load_address>0x113c</load_address>
         <run_address>0x113c</run_address>
         <size>0x41</size>
         <input_file_ref idref="fl-11"/>
      </object_component>
      <object_component id="oc-34">
         <name>.debug_line</name>
         <load_address>0x117d</load_address>
         <run_address>0x117d</run_address>
         <size>0x41</size>
         <input_file_ref idref="fl-11"/>
      </object_component>
      <object_component id="oc-2c">
         <name>.debug_line</name>
         <load_address>0x11be</load_address>
         <run_address>0x11be</run_address>
         <size>0xa1</size>
         <input_file_ref idref="fl-11"/>
      </object_component>
      <object_component id="oc-80">
         <name>.debug_line</name>
         <load_address>0x125f</load_address>
         <run_address>0x125f</run_address>
         <size>0x6f</size>
         <input_file_ref idref="fl-11"/>
      </object_component>
      <object_component id="oc-c7">
         <name>.debug_line</name>
         <load_address>0x12ce</load_address>
         <run_address>0x12ce</run_address>
         <size>0x73</size>
         <input_file_ref idref="fl-11"/>
      </object_component>
      <object_component id="oc-85">
         <name>.debug_line</name>
         <load_address>0x1341</load_address>
         <run_address>0x1341</run_address>
         <size>0x70</size>
         <input_file_ref idref="fl-11"/>
      </object_component>
      <object_component id="oc-d6">
         <name>.debug_line</name>
         <load_address>0x13b1</load_address>
         <run_address>0x13b1</run_address>
         <size>0x92</size>
         <input_file_ref idref="fl-cb"/>
      </object_component>
      <object_component id="oc-51">
         <name>.debug_line</name>
         <load_address>0x1443</load_address>
         <run_address>0x1443</run_address>
         <size>0x4c</size>
         <input_file_ref idref="fl-cb"/>
      </object_component>
      <object_component id="oc-99">
         <name>.debug_line</name>
         <load_address>0x148f</load_address>
         <run_address>0x148f</run_address>
         <size>0x34</size>
         <input_file_ref idref="fl-cb"/>
      </object_component>
      <object_component id="oc-d3">
         <name>.debug_line</name>
         <load_address>0x14c3</load_address>
         <run_address>0x14c3</run_address>
         <size>0x92</size>
         <input_file_ref idref="fl-cb"/>
      </object_component>
      <object_component id="oc-94">
         <name>.debug_line</name>
         <load_address>0x1555</load_address>
         <run_address>0x1555</run_address>
         <size>0x20</size>
         <input_file_ref idref="fl-cc"/>
      </object_component>
      <object_component id="oc-20">
         <name>.debug_line</name>
         <load_address>0x1575</load_address>
         <run_address>0x1575</run_address>
         <size>0x55</size>
         <input_file_ref idref="fl-cc"/>
      </object_component>
      <object_component id="oc-4a">
         <name>.debug_line</name>
         <load_address>0x15ca</load_address>
         <run_address>0x15ca</run_address>
         <size>0x3a</size>
         <input_file_ref idref="fl-cc"/>
      </object_component>
      <object_component id="oc-91">
         <name>.debug_line</name>
         <load_address>0x1604</load_address>
         <run_address>0x1604</run_address>
         <size>0x92</size>
         <input_file_ref idref="fl-cc"/>
      </object_component>
      <object_component id="oc-cf">
         <name>.debug_line</name>
         <load_address>0x1696</load_address>
         <run_address>0x1696</run_address>
         <size>0x20</size>
         <input_file_ref idref="fl-cd"/>
      </object_component>
      <object_component id="oc-1a">
         <name>.debug_line</name>
         <load_address>0x16b6</load_address>
         <run_address>0x16b6</run_address>
         <size>0xa9</size>
         <input_file_ref idref="fl-cd"/>
      </object_component>
      <object_component id="oc-3a">
         <name>.debug_line</name>
         <load_address>0x175f</load_address>
         <run_address>0x175f</run_address>
         <size>0x3a</size>
         <input_file_ref idref="fl-cd"/>
      </object_component>
      <object_component id="oc-cc">
         <name>.debug_line</name>
         <load_address>0x1799</load_address>
         <run_address>0x1799</run_address>
         <size>0x9a</size>
         <input_file_ref idref="fl-cd"/>
      </object_component>
      <object_component id="oc-8a">
         <name>.debug_line</name>
         <load_address>0x1833</load_address>
         <run_address>0x1833</run_address>
         <size>0x96</size>
         <input_file_ref idref="fl-cd"/>
      </object_component>
      <object_component id="oc-72">
         <name>.debug_line</name>
         <load_address>0x18c9</load_address>
         <run_address>0x18c9</run_address>
         <size>0x33</size>
         <input_file_ref idref="fl-ce"/>
      </object_component>
      <object_component id="oc-61">
         <name>.debug_line</name>
         <load_address>0x18fc</load_address>
         <run_address>0x18fc</run_address>
         <size>0x45</size>
         <input_file_ref idref="fl-ce"/>
      </object_component>
      <object_component id="oc-42">
         <name>.debug_line</name>
         <load_address>0x1941</load_address>
         <run_address>0x1941</run_address>
         <size>0x88</size>
         <input_file_ref idref="fl-cf"/>
      </object_component>
      <object_component id="oc-1b5">
         <name>.debug_line</name>
         <load_address>0x19c9</load_address>
         <run_address>0x19c9</run_address>
         <size>0xbf</size>
         <input_file_ref idref="fl-d1"/>
      </object_component>
      <object_component id="oc-ed">
         <name>.debug_line</name>
         <load_address>0x1a88</load_address>
         <run_address>0x1a88</run_address>
         <size>0x6f</size>
         <input_file_ref idref="fl-d1"/>
      </object_component>
      <object_component id="oc-1b9">
         <name>.debug_line</name>
         <load_address>0x1af7</load_address>
         <run_address>0x1af7</run_address>
         <size>0x2e</size>
         <input_file_ref idref="fl-d1"/>
      </object_component>
      <object_component id="oc-1ff">
         <name>.debug_line</name>
         <load_address>0x1b25</load_address>
         <run_address>0x1b25</run_address>
         <size>0x9a</size>
         <input_file_ref idref="fl-d1"/>
      </object_component>
      <object_component id="oc-1be">
         <name>.debug_line</name>
         <load_address>0x1bbf</load_address>
         <run_address>0x1bbf</run_address>
         <size>0x97</size>
         <input_file_ref idref="fl-d1"/>
      </object_component>
      <object_component id="oc-1c3">
         <name>.debug_line</name>
         <load_address>0x1c56</load_address>
         <run_address>0x1c56</run_address>
         <size>0x93</size>
         <input_file_ref idref="fl-d1"/>
      </object_component>
      <object_component id="oc-a3">
         <name>.debug_line</name>
         <load_address>0x1ce9</load_address>
         <run_address>0x1ce9</run_address>
         <size>0x40</size>
         <input_file_ref idref="fl-d2"/>
      </object_component>
      <object_component id="oc-e5">
         <name>.debug_line</name>
         <load_address>0x1d29</load_address>
         <run_address>0x1d29</run_address>
         <size>0x3c</size>
         <input_file_ref idref="fl-d4"/>
      </object_component>
      <object_component id="oc-133">
         <name>.debug_frame</name>
         <load_address>0x0</load_address>
         <run_address>0x0</run_address>
         <size>0xa0</size>
         <input_file_ref idref="fl-2"/>
      </object_component>
      <object_component id="oc-181">
         <name>.debug_frame</name>
         <load_address>0xa0</load_address>
         <run_address>0xa0</run_address>
         <size>0x6c</size>
         <input_file_ref idref="fl-3"/>
      </object_component>
      <object_component id="oc-195">
         <name>.debug_frame</name>
         <load_address>0x10c</load_address>
         <run_address>0x10c</run_address>
         <size>0x54</size>
         <input_file_ref idref="fl-4"/>
      </object_component>
      <object_component id="oc-17c">
         <name>.debug_frame</name>
         <load_address>0x160</load_address>
         <run_address>0x160</run_address>
         <size>0xfc</size>
         <input_file_ref idref="fl-5"/>
      </object_component>
      <object_component id="oc-139">
         <name>.debug_frame</name>
         <load_address>0x25c</load_address>
         <run_address>0x25c</run_address>
         <size>0x148</size>
         <input_file_ref idref="fl-7"/>
      </object_component>
      <object_component id="oc-2f">
         <name>.debug_frame</name>
         <load_address>0x3a4</load_address>
         <run_address>0x3a4</run_address>
         <size>0x58</size>
         <input_file_ref idref="fl-8"/>
      </object_component>
      <object_component id="oc-140">
         <name>.debug_frame</name>
         <load_address>0x3fc</load_address>
         <run_address>0x3fc</run_address>
         <size>0xe0</size>
         <input_file_ref idref="fl-a"/>
      </object_component>
      <object_component id="oc-185">
         <name>.debug_frame</name>
         <load_address>0x4dc</load_address>
         <run_address>0x4dc</run_address>
         <size>0xa0</size>
         <input_file_ref idref="fl-b"/>
      </object_component>
      <object_component id="oc-170">
         <name>.debug_frame</name>
         <load_address>0x57c</load_address>
         <run_address>0x57c</run_address>
         <size>0x54</size>
         <input_file_ref idref="fl-c"/>
      </object_component>
      <object_component id="oc-dd">
         <name>.debug_frame</name>
         <load_address>0x5d0</load_address>
         <run_address>0x5d0</run_address>
         <size>0x84</size>
         <input_file_ref idref="fl-d"/>
      </object_component>
      <object_component id="oc-176">
         <name>.debug_frame</name>
         <load_address>0x654</load_address>
         <run_address>0x654</run_address>
         <size>0xdc</size>
         <input_file_ref idref="fl-e"/>
      </object_component>
      <object_component id="oc-ad">
         <name>.debug_frame</name>
         <load_address>0x730</load_address>
         <run_address>0x730</run_address>
         <size>0x58</size>
         <input_file_ref idref="fl-10"/>
      </object_component>
      <object_component id="oc-2b">
         <name>.debug_frame</name>
         <load_address>0x788</load_address>
         <run_address>0x788</run_address>
         <size>0x90</size>
         <input_file_ref idref="fl-11"/>
      </object_component>
      <object_component id="oc-52">
         <name>.debug_frame</name>
         <load_address>0x818</load_address>
         <run_address>0x818</run_address>
         <size>0x54</size>
         <input_file_ref idref="fl-cb"/>
      </object_component>
      <object_component id="oc-1f">
         <name>.debug_frame</name>
         <load_address>0x86c</load_address>
         <run_address>0x86c</run_address>
         <size>0x54</size>
         <input_file_ref idref="fl-cc"/>
      </object_component>
      <object_component id="oc-16">
         <name>.debug_frame</name>
         <load_address>0x8c0</load_address>
         <run_address>0x8c0</run_address>
         <size>0x60</size>
         <input_file_ref idref="fl-cd"/>
      </object_component>
      <object_component id="oc-60">
         <name>.debug_frame</name>
         <load_address>0x920</load_address>
         <run_address>0x920</run_address>
         <size>0x50</size>
         <input_file_ref idref="fl-ce"/>
      </object_component>
      <object_component id="oc-ee">
         <name>.debug_frame</name>
         <load_address>0x970</load_address>
         <run_address>0x970</run_address>
         <size>0x5c</size>
         <input_file_ref idref="fl-d1"/>
      </object_component>
      <object_component id="oc-a7">
         <name>.debug_frame</name>
         <load_address>0x9cc</load_address>
         <run_address>0x9cc</run_address>
         <size>0x54</size>
         <input_file_ref idref="fl-d2"/>
      </object_component>
      <object_component id="oc-e4">
         <name>.debug_frame</name>
         <load_address>0xa20</load_address>
         <run_address>0xa20</run_address>
         <size>0x54</size>
         <input_file_ref idref="fl-d4"/>
      </object_component>
      <object_component id="oc-1c7">
         <name>.debug_abbrev</name>
         <load_address>0x0</load_address>
         <run_address>0x0</run_address>
         <size>0xbc</size>
         <input_file_ref idref="fl-2"/>
      </object_component>
      <object_component id="oc-193">
         <name>.debug_abbrev</name>
         <load_address>0xbc</load_address>
         <run_address>0xbc</run_address>
         <size>0x6c</size>
         <input_file_ref idref="fl-2"/>
      </object_component>
      <object_component id="oc-1db">
         <name>.debug_abbrev</name>
         <load_address>0x128</load_address>
         <run_address>0x128</run_address>
         <size>0x53</size>
         <input_file_ref idref="fl-2"/>
      </object_component>
      <object_component id="oc-1d0">
         <name>.debug_abbrev</name>
         <load_address>0x17b</load_address>
         <run_address>0x17b</run_address>
         <size>0x8e</size>
         <input_file_ref idref="fl-2"/>
      </object_component>
      <object_component id="oc-127">
         <name>.debug_abbrev</name>
         <load_address>0x209</load_address>
         <run_address>0x209</run_address>
         <size>0x7d</size>
         <input_file_ref idref="fl-2"/>
      </object_component>
      <object_component id="oc-167">
         <name>.debug_abbrev</name>
         <load_address>0x286</load_address>
         <run_address>0x286</run_address>
         <size>0x53</size>
         <input_file_ref idref="fl-2"/>
      </object_component>
      <object_component id="oc-1cb">
         <name>.debug_abbrev</name>
         <load_address>0x2d9</load_address>
         <run_address>0x2d9</run_address>
         <size>0x5a</size>
         <input_file_ref idref="fl-2"/>
      </object_component>
      <object_component id="oc-122">
         <name>.debug_abbrev</name>
         <load_address>0x333</load_address>
         <run_address>0x333</run_address>
         <size>0x5a</size>
         <input_file_ref idref="fl-2"/>
      </object_component>
      <object_component id="oc-1e5">
         <name>.debug_abbrev</name>
         <load_address>0x38d</load_address>
         <run_address>0x38d</run_address>
         <size>0x70</size>
         <input_file_ref idref="fl-2"/>
      </object_component>
      <object_component id="oc-3e">
         <name>.debug_abbrev</name>
         <load_address>0x3fd</load_address>
         <run_address>0x3fd</run_address>
         <size>0x1f</size>
         <input_file_ref idref="fl-2"/>
      </object_component>
      <object_component id="oc-c1">
         <name>.debug_abbrev</name>
         <load_address>0x41c</load_address>
         <run_address>0x41c</run_address>
         <size>0x24</size>
         <input_file_ref idref="fl-2"/>
      </object_component>
      <object_component id="oc-210">
         <name>.debug_abbrev</name>
         <load_address>0x440</load_address>
         <run_address>0x440</run_address>
         <size>0x27</size>
         <input_file_ref idref="fl-3"/>
      </object_component>
      <object_component id="oc-1eb">
         <name>.debug_abbrev</name>
         <load_address>0x467</load_address>
         <run_address>0x467</run_address>
         <size>0x9b</size>
         <input_file_ref idref="fl-3"/>
      </object_component>
      <object_component id="oc-1f6">
         <name>.debug_abbrev</name>
         <load_address>0x502</load_address>
         <run_address>0x502</run_address>
         <size>0x62</size>
         <input_file_ref idref="fl-4"/>
      </object_component>
      <object_component id="oc-20e">
         <name>.debug_abbrev</name>
         <load_address>0x564</load_address>
         <run_address>0x564</run_address>
         <size>0x68</size>
         <input_file_ref idref="fl-5"/>
      </object_component>
      <object_component id="oc-20c">
         <name>.debug_abbrev</name>
         <load_address>0x5cc</load_address>
         <run_address>0x5cc</run_address>
         <size>0x27</size>
         <input_file_ref idref="fl-5"/>
      </object_component>
      <object_component id="oc-1e1">
         <name>.debug_abbrev</name>
         <load_address>0x5f3</load_address>
         <run_address>0x5f3</run_address>
         <size>0x134</size>
         <input_file_ref idref="fl-5"/>
      </object_component>
      <object_component id="oc-214">
         <name>.debug_abbrev</name>
         <load_address>0x727</load_address>
         <run_address>0x727</run_address>
         <size>0x2e</size>
         <input_file_ref idref="fl-6"/>
      </object_component>
      <object_component id="oc-1f0">
         <name>.debug_abbrev</name>
         <load_address>0x755</load_address>
         <run_address>0x755</run_address>
         <size>0x29</size>
         <input_file_ref idref="fl-6"/>
      </object_component>
      <object_component id="oc-11e">
         <name>.debug_abbrev</name>
         <load_address>0x77e</load_address>
         <run_address>0x77e</run_address>
         <size>0x87</size>
         <input_file_ref idref="fl-7"/>
      </object_component>
      <object_component id="oc-bd">
         <name>.debug_abbrev</name>
         <load_address>0x805</load_address>
         <run_address>0x805</run_address>
         <size>0x3d</size>
         <input_file_ref idref="fl-7"/>
      </object_component>
      <object_component id="oc-1f7">
         <name>.debug_abbrev</name>
         <load_address>0x842</load_address>
         <run_address>0x842</run_address>
         <size>0x27</size>
         <input_file_ref idref="fl-7"/>
      </object_component>
      <object_component id="oc-ba">
         <name>.debug_abbrev</name>
         <load_address>0x869</load_address>
         <run_address>0x869</run_address>
         <size>0x29</size>
         <input_file_ref idref="fl-7"/>
      </object_component>
      <object_component id="oc-19d">
         <name>.debug_abbrev</name>
         <load_address>0x892</load_address>
         <run_address>0x892</run_address>
         <size>0x103</size>
         <input_file_ref idref="fl-7"/>
      </object_component>
      <object_component id="oc-12c">
         <name>.debug_abbrev</name>
         <load_address>0x995</load_address>
         <run_address>0x995</run_address>
         <size>0x49</size>
         <input_file_ref idref="fl-7"/>
      </object_component>
      <object_component id="oc-7a">
         <name>.debug_abbrev</name>
         <load_address>0x9de</load_address>
         <run_address>0x9de</run_address>
         <size>0x5f</size>
         <input_file_ref idref="fl-8"/>
      </object_component>
      <object_component id="oc-216">
         <name>.debug_abbrev</name>
         <load_address>0xa3d</load_address>
         <run_address>0xa3d</run_address>
         <size>0x5b</size>
         <input_file_ref idref="fl-9"/>
      </object_component>
      <object_component id="oc-1f3">
         <name>.debug_abbrev</name>
         <load_address>0xa98</load_address>
         <run_address>0xa98</run_address>
         <size>0x29</size>
         <input_file_ref idref="fl-9"/>
      </object_component>
      <object_component id="oc-19e">
         <name>.debug_abbrev</name>
         <load_address>0xac1</load_address>
         <run_address>0xac1</run_address>
         <size>0x6c</size>
         <input_file_ref idref="fl-a"/>
      </object_component>
      <object_component id="oc-1a1">
         <name>.debug_abbrev</name>
         <load_address>0xb2d</load_address>
         <run_address>0xb2d</run_address>
         <size>0x53</size>
         <input_file_ref idref="fl-a"/>
      </object_component>
      <object_component id="oc-1ec">
         <name>.debug_abbrev</name>
         <load_address>0xb80</load_address>
         <run_address>0xb80</run_address>
         <size>0x6c</size>
         <input_file_ref idref="fl-b"/>
      </object_component>
      <object_component id="oc-1d3">
         <name>.debug_abbrev</name>
         <load_address>0xbec</load_address>
         <run_address>0xbec</run_address>
         <size>0x50</size>
         <input_file_ref idref="fl-c"/>
      </object_component>
      <object_component id="oc-1a4">
         <name>.debug_abbrev</name>
         <load_address>0xc3c</load_address>
         <run_address>0xc3c</run_address>
         <size>0x27</size>
         <input_file_ref idref="fl-d"/>
      </object_component>
      <object_component id="oc-144">
         <name>.debug_abbrev</name>
         <load_address>0xc63</load_address>
         <run_address>0xc63</run_address>
         <size>0x5e</size>
         <input_file_ref idref="fl-d"/>
      </object_component>
      <object_component id="oc-20a">
         <name>.debug_abbrev</name>
         <load_address>0xcc1</load_address>
         <run_address>0xcc1</run_address>
         <size>0x71</size>
         <input_file_ref idref="fl-e"/>
      </object_component>
      <object_component id="oc-208">
         <name>.debug_abbrev</name>
         <load_address>0xd32</load_address>
         <run_address>0xd32</run_address>
         <size>0x27</size>
         <input_file_ref idref="fl-e"/>
      </object_component>
      <object_component id="oc-1d7">
         <name>.debug_abbrev</name>
         <load_address>0xd59</load_address>
         <run_address>0xd59</run_address>
         <size>0xd4</size>
         <input_file_ref idref="fl-e"/>
      </object_component>
      <object_component id="oc-212">
         <name>.debug_abbrev</name>
         <load_address>0xe2d</load_address>
         <run_address>0xe2d</run_address>
         <size>0x2e</size>
         <input_file_ref idref="fl-f"/>
      </object_component>
      <object_component id="oc-1ed">
         <name>.debug_abbrev</name>
         <load_address>0xe5b</load_address>
         <run_address>0xe5b</run_address>
         <size>0x29</size>
         <input_file_ref idref="fl-f"/>
      </object_component>
      <object_component id="oc-df">
         <name>.debug_abbrev</name>
         <load_address>0xe84</load_address>
         <run_address>0xe84</run_address>
         <size>0x60</size>
         <input_file_ref idref="fl-10"/>
      </object_component>
      <object_component id="oc-7b">
         <name>.debug_abbrev</name>
         <load_address>0xee4</load_address>
         <run_address>0xee4</run_address>
         <size>0x7c</size>
         <input_file_ref idref="fl-11"/>
      </object_component>
      <object_component id="oc-33">
         <name>.debug_abbrev</name>
         <load_address>0xf60</load_address>
         <run_address>0xf60</run_address>
         <size>0x29</size>
         <input_file_ref idref="fl-11"/>
      </object_component>
      <object_component id="oc-73">
         <name>.debug_abbrev</name>
         <load_address>0xf89</load_address>
         <run_address>0xf89</run_address>
         <size>0x79</size>
         <input_file_ref idref="fl-11"/>
      </object_component>
      <object_component id="oc-7f">
         <name>.debug_abbrev</name>
         <load_address>0x1002</load_address>
         <run_address>0x1002</run_address>
         <size>0x69</size>
         <input_file_ref idref="fl-11"/>
      </object_component>
      <object_component id="oc-c6">
         <name>.debug_abbrev</name>
         <load_address>0x106b</load_address>
         <run_address>0x106b</run_address>
         <size>0x5c</size>
         <input_file_ref idref="fl-11"/>
      </object_component>
      <object_component id="oc-84">
         <name>.debug_abbrev</name>
         <load_address>0x10c7</load_address>
         <run_address>0x10c7</run_address>
         <size>0x24</size>
         <input_file_ref idref="fl-11"/>
      </object_component>
      <object_component id="oc-d5">
         <name>.debug_abbrev</name>
         <load_address>0x10eb</load_address>
         <run_address>0x10eb</run_address>
         <size>0x5d</size>
         <input_file_ref idref="fl-cb"/>
      </object_component>
      <object_component id="oc-95">
         <name>.debug_abbrev</name>
         <load_address>0x1148</load_address>
         <run_address>0x1148</run_address>
         <size>0x6f</size>
         <input_file_ref idref="fl-cb"/>
      </object_component>
      <object_component id="oc-98">
         <name>.debug_abbrev</name>
         <load_address>0x11b7</load_address>
         <run_address>0x11b7</run_address>
         <size>0x24</size>
         <input_file_ref idref="fl-cb"/>
      </object_component>
      <object_component id="oc-d2">
         <name>.debug_abbrev</name>
         <load_address>0x11db</load_address>
         <run_address>0x11db</run_address>
         <size>0x24</size>
         <input_file_ref idref="fl-cb"/>
      </object_component>
      <object_component id="oc-93">
         <name>.debug_abbrev</name>
         <load_address>0x11ff</load_address>
         <run_address>0x11ff</run_address>
         <size>0x37</size>
         <input_file_ref idref="fl-cc"/>
      </object_component>
      <object_component id="oc-46">
         <name>.debug_abbrev</name>
         <load_address>0x1236</load_address>
         <run_address>0x1236</run_address>
         <size>0x74</size>
         <input_file_ref idref="fl-cc"/>
      </object_component>
      <object_component id="oc-49">
         <name>.debug_abbrev</name>
         <load_address>0x12aa</load_address>
         <run_address>0x12aa</run_address>
         <size>0x24</size>
         <input_file_ref idref="fl-cc"/>
      </object_component>
      <object_component id="oc-90">
         <name>.debug_abbrev</name>
         <load_address>0x12ce</load_address>
         <run_address>0x12ce</run_address>
         <size>0x24</size>
         <input_file_ref idref="fl-cc"/>
      </object_component>
      <object_component id="oc-ce">
         <name>.debug_abbrev</name>
         <load_address>0x12f2</load_address>
         <run_address>0x12f2</run_address>
         <size>0x37</size>
         <input_file_ref idref="fl-cd"/>
      </object_component>
      <object_component id="oc-36">
         <name>.debug_abbrev</name>
         <load_address>0x1329</load_address>
         <run_address>0x1329</run_address>
         <size>0x6f</size>
         <input_file_ref idref="fl-cd"/>
      </object_component>
      <object_component id="oc-39">
         <name>.debug_abbrev</name>
         <load_address>0x1398</load_address>
         <run_address>0x1398</run_address>
         <size>0x24</size>
         <input_file_ref idref="fl-cd"/>
      </object_component>
      <object_component id="oc-cb">
         <name>.debug_abbrev</name>
         <load_address>0x13bc</load_address>
         <run_address>0x13bc</run_address>
         <size>0x35</size>
         <input_file_ref idref="fl-cd"/>
      </object_component>
      <object_component id="oc-89">
         <name>.debug_abbrev</name>
         <load_address>0x13f1</load_address>
         <run_address>0x13f1</run_address>
         <size>0x24</size>
         <input_file_ref idref="fl-cd"/>
      </object_component>
      <object_component id="oc-71">
         <name>.debug_abbrev</name>
         <load_address>0x1415</load_address>
         <run_address>0x1415</run_address>
         <size>0x29</size>
         <input_file_ref idref="fl-ce"/>
      </object_component>
      <object_component id="oc-b1">
         <name>.debug_abbrev</name>
         <load_address>0x143e</load_address>
         <run_address>0x143e</run_address>
         <size>0x55</size>
         <input_file_ref idref="fl-ce"/>
      </object_component>
      <object_component id="oc-8d">
         <name>.debug_abbrev</name>
         <load_address>0x1493</load_address>
         <run_address>0x1493</run_address>
         <size>0x3e</size>
         <input_file_ref idref="fl-cf"/>
      </object_component>
      <object_component id="oc-1b4">
         <name>.debug_abbrev</name>
         <load_address>0x14d1</load_address>
         <run_address>0x14d1</run_address>
         <size>0xc0</size>
         <input_file_ref idref="fl-d1"/>
      </object_component>
      <object_component id="oc-14f">
         <name>.debug_abbrev</name>
         <load_address>0x1591</load_address>
         <run_address>0x1591</run_address>
         <size>0x7e</size>
         <input_file_ref idref="fl-d1"/>
      </object_component>
      <object_component id="oc-1b8">
         <name>.debug_abbrev</name>
         <load_address>0x160f</load_address>
         <run_address>0x160f</run_address>
         <size>0x24</size>
         <input_file_ref idref="fl-d1"/>
      </object_component>
      <object_component id="oc-1fe">
         <name>.debug_abbrev</name>
         <load_address>0x1633</load_address>
         <run_address>0x1633</run_address>
         <size>0x24</size>
         <input_file_ref idref="fl-d1"/>
      </object_component>
      <object_component id="oc-1bd">
         <name>.debug_abbrev</name>
         <load_address>0x1657</load_address>
         <run_address>0x1657</run_address>
         <size>0x24</size>
         <input_file_ref idref="fl-d1"/>
      </object_component>
      <object_component id="oc-1c2">
         <name>.debug_abbrev</name>
         <load_address>0x167b</load_address>
         <run_address>0x167b</run_address>
         <size>0x4b</size>
         <input_file_ref idref="fl-d1"/>
      </object_component>
      <object_component id="oc-d8">
         <name>.debug_abbrev</name>
         <load_address>0x16c6</load_address>
         <run_address>0x16c6</run_address>
         <size>0x55</size>
         <input_file_ref idref="fl-d2"/>
      </object_component>
      <object_component id="oc-145">
         <name>.debug_abbrev</name>
         <load_address>0x171b</load_address>
         <run_address>0x171b</run_address>
         <size>0x45</size>
         <input_file_ref idref="fl-d4"/>
      </object_component>
      <object_component id="oc-248">
         <name>.debug_abbrev</name>
         <load_address>0x1760</load_address>
         <run_address>0x1760</run_address>
         <size>0xf</size>
      </object_component>
      <object_component id="oc-1dd">
         <name>.debug_str</name>
         <load_address>0x0</load_address>
         <run_address>0x0</run_address>
         <size>0x120</size>
         <input_file_ref idref="fl-2"/>
      </object_component>
      <object_component id="oc-1d2">
         <name>.debug_str</name>
         <load_address>0x120</load_address>
         <run_address>0x120</run_address>
         <size>0x3ad</size>
         <input_file_ref idref="fl-2"/>
      </object_component>
      <object_component id="oc-129">
         <name>.debug_str</name>
         <load_address>0x4cd</load_address>
         <run_address>0x4cd</run_address>
         <size>0x221</size>
         <input_file_ref idref="fl-2"/>
      </object_component>
      <object_component id="oc-169">
         <name>.debug_str</name>
         <load_address>0x6ee</load_address>
         <run_address>0x6ee</run_address>
         <size>0x112</size>
         <input_file_ref idref="fl-2"/>
      </object_component>
      <object_component id="oc-1cd">
         <name>.debug_str</name>
         <load_address>0x800</load_address>
         <run_address>0x800</run_address>
         <size>0x102</size>
         <input_file_ref idref="fl-2"/>
      </object_component>
      <object_component id="oc-124">
         <name>.debug_str</name>
         <load_address>0x902</load_address>
         <run_address>0x902</run_address>
         <size>0x130</size>
         <input_file_ref idref="fl-2"/>
      </object_component>
      <object_component id="oc-1e7">
         <name>.debug_str</name>
         <load_address>0xa32</load_address>
         <run_address>0xa32</run_address>
         <size>0x130</size>
         <input_file_ref idref="fl-2"/>
      </object_component>
      <object_component id="oc-40">
         <name>.debug_str</name>
         <load_address>0xb62</load_address>
         <run_address>0xb62</run_address>
         <size>0xfd</size>
         <input_file_ref idref="fl-2"/>
      </object_component>
      <object_component id="oc-c3">
         <name>.debug_str</name>
         <load_address>0xc5f</load_address>
         <run_address>0xc5f</run_address>
         <size>0x11b</size>
         <input_file_ref idref="fl-2"/>
      </object_component>
      <object_component id="oc-12e">
         <name>.debug_str</name>
         <load_address>0xd7a</load_address>
         <run_address>0xd7a</run_address>
         <size>0xef</size>
         <input_file_ref idref="fl-7"/>
      </object_component>
      <object_component id="oc-1a3">
         <name>.debug_str</name>
         <load_address>0xe69</load_address>
         <run_address>0xe69</run_address>
         <size>0x1ff</size>
         <input_file_ref idref="fl-a"/>
      </object_component>
      <object_component id="oc-81">
         <name>.debug_str</name>
         <load_address>0x1068</load_address>
         <run_address>0x1068</run_address>
         <size>0x2f6</size>
         <input_file_ref idref="fl-11"/>
      </object_component>
      <object_component id="oc-c8">
         <name>.debug_str</name>
         <load_address>0x135e</load_address>
         <run_address>0x135e</run_address>
         <size>0x38c</size>
         <input_file_ref idref="fl-11"/>
      </object_component>
      <object_component id="oc-86">
         <name>.debug_str</name>
         <load_address>0x16ea</load_address>
         <run_address>0x16ea</run_address>
         <size>0x18e</size>
         <input_file_ref idref="fl-11"/>
      </object_component>
      <object_component id="oc-9a">
         <name>.debug_str</name>
         <load_address>0x1878</load_address>
         <run_address>0x1878</run_address>
         <size>0x105</size>
         <input_file_ref idref="fl-cb"/>
      </object_component>
      <object_component id="oc-d4">
         <name>.debug_str</name>
         <load_address>0x197d</load_address>
         <run_address>0x197d</run_address>
         <size>0x140</size>
         <input_file_ref idref="fl-cb"/>
      </object_component>
      <object_component id="oc-4b">
         <name>.debug_str</name>
         <load_address>0x1abd</load_address>
         <run_address>0x1abd</run_address>
         <size>0x10b</size>
         <input_file_ref idref="fl-cc"/>
      </object_component>
      <object_component id="oc-92">
         <name>.debug_str</name>
         <load_address>0x1bc8</load_address>
         <run_address>0x1bc8</run_address>
         <size>0x140</size>
         <input_file_ref idref="fl-cc"/>
      </object_component>
      <object_component id="oc-3b">
         <name>.debug_str</name>
         <load_address>0x1d08</load_address>
         <run_address>0x1d08</run_address>
         <size>0x118</size>
         <input_file_ref idref="fl-cd"/>
      </object_component>
      <object_component id="oc-cd">
         <name>.debug_str</name>
         <load_address>0x1e20</load_address>
         <run_address>0x1e20</run_address>
         <size>0x16b</size>
         <input_file_ref idref="fl-cd"/>
      </object_component>
      <object_component id="oc-8b">
         <name>.debug_str</name>
         <load_address>0x1f8b</load_address>
         <run_address>0x1f8b</run_address>
         <size>0x158</size>
         <input_file_ref idref="fl-cd"/>
      </object_component>
      <object_component id="oc-1ba">
         <name>.debug_str</name>
         <load_address>0x20e3</load_address>
         <run_address>0x20e3</run_address>
[...]
            <object_component_ref idref="oc-16d"/>
            <object_component_ref idref="oc-143"/>
            <object_component_ref idref="oc-dc"/>
            <object_component_ref idref="oc-1d6"/>
            <object_component_ref idref="oc-173"/>
            <object_component_ref idref="oc-18b"/>
            <object_component_ref idref="oc-ab"/>
            <object_component_ref idref="oc-14"/>
            <object_component_ref idref="oc-2a"/>
            <object_component_ref idref="oc-4f"/>
            <object_component_ref idref="oc-1d"/>
            <object_component_ref idref="oc-19"/>
            <object_component_ref idref="oc-26"/>
            <object_component_ref idref="oc-64"/>
            <object_component_ref idref="oc-44"/>
            <object_component_ref idref="oc-f1"/>
            <object_component_ref idref="oc-a6"/>
            <object_component_ref idref="oc-e3"/>
         </contents>
      </logical_group>
      <logical_group id="lg-237" display="never" color="cyan">
         <name>.debug_pubtypes</name>
         <load_address>0x0</load_address>
         <run_address>0x0</run_address>
         <size>0xdcc</size>
         <contents>
            <object_component_ref idref="oc-1da"/>
            <object_component_ref idref="oc-1cf"/>
            <object_component_ref idref="oc-126"/>
            <object_component_ref idref="oc-166"/>
            <object_component_ref idref="oc-1ca"/>
            <object_component_ref idref="oc-121"/>
            <object_component_ref idref="oc-1e4"/>
            <object_component_ref idref="oc-3d"/>
            <object_component_ref idref="oc-c0"/>
            <object_component_ref idref="oc-12b"/>
            <object_component_ref idref="oc-1a0"/>
            <object_component_ref idref="oc-7e"/>
            <object_component_ref idref="oc-c5"/>
            <object_component_ref idref="oc-83"/>
            <object_component_ref idref="oc-97"/>
            <object_component_ref idref="oc-d1"/>
            <object_component_ref idref="oc-48"/>
            <object_component_ref idref="oc-8f"/>
            <object_component_ref idref="oc-38"/>
            <object_component_ref idref="oc-ca"/>
            <object_component_ref idref="oc-88"/>
            <object_component_ref idref="oc-1b7"/>
            <object_component_ref idref="oc-1fd"/>
            <object_component_ref idref="oc-1bc"/>
            <object_component_ref idref="oc-1c1"/>
         </contents>
      </logical_group>
      <logical_group id="lg-245" display="no" color="cyan">
         <name>Veneer$$CMSE</name>
         <run_address>0x0</run_address>
         <size>0x0</size>
         <contents>
         </contents>
      </logical_group>
      <load_segment id="lg-24b" display="no" color="cyan">
         <name>SEGMENT_0</name>
         <load_address>0x0</load_address>
         <run_address>0x0</run_address>
         <size>0x2028</size>
         <flags>0x5</flags>
         <contents>
            <logical_group_ref idref="lg-3"/>
            <logical_group_ref idref="lg-4"/>
            <logical_group_ref idref="lg-5"/>
            <logical_group_ref idref="lg-6"/>
         </contents>
      </load_segment>
      <load_segment id="lg-24c" display="no" color="cyan">
         <name>SEGMENT_1</name>
         <run_address>0x20000000</run_address>
         <size>0x224</size>
         <flags>0x6</flags>
         <contents>
            <logical_group_ref idref="lg-d"/>
            <logical_group_ref idref="lg-a"/>
            <logical_group_ref idref="lg-b"/>
         </contents>
      </load_segment>
   </logical_group_list>
   <placement_map>
      <memory_area display="yes" color="green">
         <name>FLASH</name>
         <page_id>0x0</page_id>
         <origin>0x0</origin>
         <length>0x40000</length>
         <used_space>0x2022</used_space>
         <unused_space>0x3dfde</unused_space>
         <attributes>RX</attributes>
         <usage_details>
            <allocated_space>
               <start_address>0x0</start_address>
               <size>0x26c</size>
               <logical_group_ref idref="lg-3"/>
            </allocated_space>
            <allocated_space>
               <start_address>0x26c</start_address>
               <size>0x1c2a</size>
               <logical_group_ref idref="lg-4"/>
            </allocated_space>
            <available_space>
               <start_address>0x1e96</start_address>
               <size>0x2</size>
            </available_space>
            <allocated_space>
               <start_address>0x1e98</start_address>
               <size>0x154</size>
               <logical_group_ref idref="lg-5"/>
            </allocated_space>
            <available_space>
               <start_address>0x1fec</start_address>
               <size>0x4</size>
            </available_space>
            <allocated_space>
               <start_address>0x1ff0</start_address>
               <size>0x38</size>
               <logical_group_ref idref="lg-6"/>
            </allocated_space>
            <available_space>
               <start_address>0x2028</start_address>
               <size>0x3dfd8</size>
            </available_space>
         </usage_details>
      </memory_area>
      <memory_area display="yes" color="green">
         <name>SRAM</name>
         <page_id>0x0</page_id>
         <origin>0x20000000</origin>
         <length>0x8000</length>
         <used_space>0x224</used_space>
         <unused_space>0x7ddc</unused_space>
         <attributes>RWX</attributes>
         <usage_details>
            <allocated_space>
               <start_address>0x20000000</start_address>
               <size>0x0</size>
               <logical_group_ref idref="lg-21a"/>
            </allocated_space>
            <allocated_space>
               <start_address>0x20000000</start_address>
               <size>0x200</size>
               <logical_group_ref idref="lg-d"/>
            </allocated_space>
            <allocated_space>
               <start_address>0x20000200</start_address>
               <size>0x20</size>
               <logical_group_ref idref="lg-a"/>
            </allocated_space>
            <allocated_space>
               <start_address>0x20000220</start_address>
               <size>0x4</size>
               <logical_group_ref idref="lg-b"/>
            </allocated_space>
            <available_space>
               <start_address>0x20000224</start_address>
               <size>0x7ddc</size>
            </available_space>
         </usage_details>
      </memory_area>
   </placement_map>
   <cptbl_list>
      <cptbl>
         <name>__TI_cinit_table</name>
         <cprec>
            <name>.data</name>
            <load_address>0x1ff0</load_address>
            <load_size>0x13</load_size>
            <run_address>0x20000200</run_address>
            <run_size>0x20</run_size>
            <compression>lzss</compression>
         </cprec>
         <cprec>
            <name>.bss</name>
            <load_address>0x2010</load_address>
            <load_size>0x8</load_size>
            <run_address>0x20000220</run_address>
            <run_size>0x4</run_size>
            <compression>zero_init</compression>
         </cprec>
      </cptbl>
   </cptbl_list>
   <handler_table>
      <handler_table_name>__TI_handler_table</handler_table_name>
      <handler>
         <index>0x0</index>
         <name>__TI_decompress_lzss</name>
      </handler>
      <handler>
         <index>0x1</index>
         <name>__TI_decompress_none</name>
      </handler>
      <handler>
         <index>0x2</index>
         <name>__TI_zero_init</name>
      </handler>
   </handler_table>
   <symbol_table>
      <symbol id="sm-1">
         <name>__STACK_TOP</name>
         <value>0x20000200</value>
      </symbol>
      <symbol id="sm-2">
         <name>__start___llvm_prf_cnts</name>
         <value>0x20000000</value>
      </symbol>
      <symbol id="sm-3">
         <name>__stop___llvm_prf_cnts</name>
         <value>0x20000000</value>
      </symbol>
      <symbol id="sm-4">
         <name>__TI_CINIT_Base</name>
         <value>0x2018</value>
      </symbol>
      <symbol id="sm-5">
         <name>__TI_CINIT_Limit</name>
         <value>0x2028</value>
      </symbol>
      <symbol id="sm-6">
         <name>__TI_Handler_Table_Base</name>
         <value>0x2004</value>
      </symbol>
      <symbol id="sm-7">
         <name>__TI_Handler_Table_Limit</name>
         <value>0x2010</value>
      </symbol>
      <symbol id="sm-8">
         <name>binit</name>
         <value>0xffffffff</value>
      </symbol>
      <symbol id="sm-9">
         <name>__binit__</name>
         <value>0xffffffff</value>
      </symbol>
      <symbol id="sm-a">
         <name>__STACK_SIZE</name>
         <value>0x200</value>
      </symbol>
      <symbol id="sm-b">
         <name>__STACK_END</name>
         <value>0x20000200</value>
      </symbol>
      <symbol id="sm-c">
         <name>__c_args__</name>
         <value>0xffffffff</value>
      </symbol>
      <symbol id="sm-d">
         <name>__TI_pprof_out_hndl</name>
         <value>0xffffffff</value>
      </symbol>
      <symbol id="sm-e">
         <name>__TI_prof_data_start</name>
         <value>0xffffffff</value>
      </symbol>
      <symbol id="sm-f">
         <name>__TI_prof_data_size</name>
         <value>0xffffffff</value>
      </symbol>
      <symbol id="sm-6f">
         <name>Button_Task</name>
         <value>0x1cdf</value>
         <object_component_ref idref="oc-12f"/>
      </symbol>
      <symbol id="sm-70">
         <name>Led_Task</name>
         <value>0x1ce7</value>
         <object_component_ref idref="oc-12f"/>
      </symbol>
      <symbol id="sm-71">
         <name>App_Task</name>
         <value>0x1cef</value>
         <object_component_ref idref="oc-12f"/>
      </symbol>
      <symbol id="sm-72">
         <name>Init_Task</name>
         <value>0x1cc5</value>
         <object_component_ref idref="oc-12f"/>
      </symbol>
      <symbol id="sm-90">
         <name>Button_RefreshState</name>
         <value>0x1be7</value>
         <object_component_ref idref="oc-17d"/>
      </symbol>
      <symbol id="sm-91">
         <name>Button_GetState</name>
         <value>0x1be1</value>
         <object_component_ref idref="oc-17d"/>
      </symbol>
      <symbol id="sm-9c">
         <name>Det_ReportError</name>
         <value>0x1e55</value>
         <object_component_ref idref="oc-194"/>
      </symbol>
      <symbol id="sm-108">
         <name>Dio_WriteChannel</name>
         <value>0x13d1</value>
         <object_component_ref idref="oc-177"/>
      </symbol>
      <symbol id="sm-109">
         <name>Dio_FlipChannel</name>
         <value>0x1725</value>
         <object_component_ref idref="oc-177"/>
      </symbol>
      <symbol id="sm-10a">
         <name>Dio_Init</name>
         <value>0x13ad</value>
         <object_component_ref idref="oc-177"/>
      </symbol>
      <symbol id="sm-10b">
         <name>Dio_ReadChannelGroup</name>
         <value>0x157d</value>
         <object_component_ref idref="oc-177"/>
      </symbol>
      <symbol id="sm-10c">
         <name>Dio_WriteChannelGroup</name>
         <value>0x1641</value>
         <object_component_ref idref="oc-177"/>
      </symbol>
      <symbol id="sm-10d">
         <name>Dio_ReadChannel</name>
         <value>0x14b1</value>
         <object_component_ref idref="oc-177"/>
      </symbol>
      <symbol id="sm-118">
         <name>Dio_Configuration</name>
         <value>0x1fe8</value>
         <object_component_ref idref="oc-18c"/>
      </symbol>
      <symbol id="sm-196">
         <name>Gpt_GetTimeRemaining</name>
         <value>0x1061</value>
         <object_component_ref idref="oc-135"/>
      </symbol>
      <symbol id="sm-197">
         <name>Gpt_Init</name>
         <value>0xdb9</value>
         <object_component_ref idref="oc-135"/>
      </symbol>
      <symbol id="sm-198">
         <name>Gpt_GetVersionInfo</name>
         <value>0xd81</value>
         <object_component_ref idref="oc-135"/>
      </symbol>
      <symbol id="sm-199">
         <name>Gpt_EnableNotification</name>
         <value>0x1281</value>
         <object_component_ref idref="oc-135"/>
      </symbol>
      <symbol id="sm-19a">
         <name>Gpt_StopTimer</name>
         <value>0x11f5</value>
         <object_component_ref idref="oc-135"/>
      </symbol>
      <symbol id="sm-19b">
         <name>Gpt_DeInit</name>
         <value>0xebd</value>
         <object_component_ref idref="oc-135"/>
      </symbol>
      <symbol id="sm-19c">
         <name>Gpt_DisableNotification</name>
         <value>0x1307</value>
         <object_component_ref idref="oc-135"/>
      </symbol>
      <symbol id="sm-19d">
         <name>Gpt_StartTimer</name>
         <value>0x1121</value>
         <object_component_ref idref="oc-135"/>
      </symbol>
      <symbol id="sm-19e">
         <name>SysTick_TargetTime</name>
         <value>0x20000206</value>
         <object_component_ref idref="oc-77"/>
      </symbol>
      <symbol id="sm-19f">
         <name>SysTick_CountedTime</name>
         <value>0x20000208</value>
         <object_component_ref idref="oc-77"/>
      </symbol>
      <symbol id="sm-1a0">
         <name>Gpt_GetTimeElapsed</name>
         <value>0xfbd</value>
         <object_component_ref idref="oc-135"/>
      </symbol>
      <symbol id="sm-1a1">
         <name>Gpt_NotificationArr</name>
         <value>0x2000021c</value>
         <object_component_ref idref="oc-74"/>
      </symbol>
      <symbol id="sm-1b0">
         <name>SysTick_Handler</name>
         <value>0x1dad</value>
         <object_component_ref idref="oc-2d"/>
      </symbol>
      <symbol id="sm-1bb">
         <name>Gpt_Configuration</name>
         <value>0x1fd0</value>
         <object_component_ref idref="oc-18f"/>
      </symbol>
      <symbol id="sm-1e4">
         <name>NVIC_DisableException</name>
         <value>0x1963</value>
         <object_component_ref idref="oc-13b"/>
      </symbol>
      <symbol id="sm-1e5">
         <name>NVIC_SetPriorityIRQ</name>
         <value>0x18b1</value>
         <object_component_ref idref="oc-13b"/>
      </symbol>
      <symbol id="sm-1e6">
         <name>NVIC_EnableException</name>
         <value>0x191d</value>
         <object_component_ref idref="oc-13b"/>
      </symbol>
      <symbol id="sm-1e7">
         <name>NVIC_SetPriorityException</name>
         <value>0x19a9</value>
         <object_component_ref idref="oc-13b"/>
      </symbol>
      <symbol id="sm-1e8">
         <name>NVIC_DisableIRQ</name>
         <value>0x186f</value>
         <object_component_ref idref="oc-13b"/>
      </symbol>
      <symbol id="sm-1e9">
         <name>NVIC_EnableIRQ</name>
         <value>0x182d</value>
         <object_component_ref idref="oc-13b"/>
      </symbol>
      <symbol id="sm-1f6">
         <name>Led_SetOn</name>
         <value>0x1d6d</value>
         <object_component_ref idref="oc-183"/>
      </symbol>
      <symbol id="sm-1f7">
         <name>Led_RefreshOutput</name>
         <value>0x1d85</value>
         <object_component_ref idref="oc-183"/>
      </symbol>
      <symbol id="sm-1f8">
         <name>Led_Toggle</name>
         <value>0x1d9d</value>
         <object_component_ref idref="oc-183"/>
      </symbol>
      <symbol id="sm-1f9">
         <name>Led_SetOff</name>
         <value>0x1d79</value>
         <object_component_ref idref="oc-183"/>
      </symbol>
      <symbol id="sm-207">
         <name>Mcu_Init</name>
         <value>0x1e19</value>
         <object_component_ref idref="oc-16b"/>
      </symbol>
      <symbol id="sm-225">
         <name>Os_Scheduler</name>
         <value>0x1acd</value>
         <object_component_ref idref="oc-d9"/>
      </symbol>
      <symbol id="sm-226">
         <name>Os_start</name>
         <value>0x1a9d</value>
         <object_component_ref idref="oc-d9"/>
      </symbol>
      <symbol id="sm-227">
         <name>Os_NewTimerTick</name>
         <value>0x1abd</value>
         <object_component_ref idref="oc-d9"/>
      </symbol>
      <symbol id="sm-2ae">
         <name>Port_GetVersionInfo</name>
         <value>0xa79</value>
         <object_component_ref idref="oc-171"/>
      </symbol>
      <symbol id="sm-2af">
         <name>Port_Init</name>
         <value>0x26d</value>
         <object_component_ref idref="oc-171"/>
      </symbol>
      <symbol id="sm-2b0">
         <name>Port_SetPinDirection</name>
         <value>0x6d3</value>
         <object_component_ref idref="oc-171"/>
      </symbol>
      <symbol id="sm-2b1">
         <name>Port_SetPinMode</name>
         <value>0xab1</value>
         <object_component_ref idref="oc-171"/>
      </symbol>
      <symbol id="sm-2b2">
         <name>Port_RefreshPortDirection</name>
         <value>0x91d</value>
         <object_component_ref idref="oc-171"/>
      </symbol>
      <symbol id="sm-2bd">
         <name>Port_Configuration</name>
         <value>0x1e98</value>
         <object_component_ref idref="oc-189"/>
      </symbol>
      <symbol id="sm-2c7">
         <name>main</name>
         <value>0x1e85</value>
         <object_component_ref idref="oc-a8"/>
      </symbol>
      <symbol id="sm-2f2">
         <name>ResetISR</name>
         <value>0x1e79</value>
         <object_component_ref idref="oc-27"/>
      </symbol>
      <symbol id="sm-2f3">
         <name>g_pfnVectors</name>
         <value>0x0</value>
         <object_component_ref idref="oc-12"/>
      </symbol>
      <symbol id="sm-30c">
         <name>__TI_zero_init_nomemset</name>
         <value>0x1e39</value>
         <object_component_ref idref="oc-4d"/>
      </symbol>
      <symbol id="sm-323">
         <name>__TI_decompress_none</name>
         <value>0x1e6b</value>
         <object_component_ref idref="oc-1b"/>
      </symbol>
      <symbol id="sm-346">
         <name>__TI_decompress_lzss</name>
         <value>0x1c5d</value>
         <object_component_ref idref="oc-15"/>
      </symbol>
      <symbol id="sm-359">
         <name>__stack</name>
         <value>0x20000000</value>
         <object_component_ref idref="oc-24"/>
      </symbol>
      <symbol id="sm-35a">
         <name>_c_int00_noargs</name>
         <value>0x1de5</value>
         <object_component_ref idref="oc-5f"/>
      </symbol>
      <symbol id="sm-375">
         <name>memcpy</name>
         <value>0x1b45</value>
         <object_component_ref idref="oc-41"/>
      </symbol>
      <symbol id="sm-376">
         <name>__aeabi_memcpy</name>
         <value>0x1b45</value>
         <object_component_ref idref="oc-41"/>
      </symbol>
      <symbol id="sm-377">
         <name>__aeabi_memcpy8</name>
         <value>0x1b45</value>
         <object_component_ref idref="oc-41"/>
      </symbol>
      <symbol id="sm-378">
         <name>__aeabi_memcpy4</name>
         <value>0x1b45</value>
         <object_component_ref idref="oc-41"/>
      </symbol>
      <symbol id="sm-3a1">
         <name>__TI_auto_init_nobinit_nopinit</name>
         <value>0x1d29</value>
         <object_component_ref idref="oc-ec"/>
      </symbol>
      <symbol id="sm-3ab">
         <name>_system_pre_init</name>
         <value>0x1e8f</value>
         <object_component_ref idref="oc-a2"/>
      </symbol>
      <symbol id="sm-3b7">
         <name>C$$EXIT</name>
         <value>0x1e93</value>
         <object_component_ref idref="oc-e0"/>
      </symbol>
      <symbol id="sm-3b8">
         <name>abort</name>
         <value>0x1e93</value>
         <object_component_ref idref="oc-e0"/>
      </symbol>
      <symbol id="sm-3bb">
         <name>__TI_static_base__</name>
         <value>0x0</value>
      </symbol>
      <symbol id="sm-3be">
         <name>__mpu_init</name>
         <value>0x0</value>
      </symbol>
      <symbol id="sm-3bf">
         <name>_system_post_cinit</name>
         <value>0x0</value>
      </symbol>
   </symbol_table>
   <title>Link successful</title>
</link_info>
